// Vitest Snapshot v1, https://vitest.dev/guide/snapshot.html

exports[`Page Process > should match i18n site page maps 1`] = `
{
  "enPageMap": [
    {
      "data": {
        "about": {
          "items": {
            "a-page": {
              "title": "A Page",
            },
            "acknowledgement": {
              "title": "Acknowledgement",
            },
            "changelog": {
              "title": "Changelog",
            },
            "contributors": {
              "href": "https://github.com/vercel/swr/graphs/contributors",
              "newWindow": true,
              "title": "Contributors",
            },
            "team": {
              "title": "Team",
            },
          },
          "title": "About",
          "type": "menu",
        },
        "blog": {
          "theme": {
            "breadcrumb": false,
            "sidebar": false,
            "toc": true,
            "typesetting": "article",
          },
          "title": "Blog",
          "type": "page",
        },
        "docs": {
          "title": "Docs",
          "type": "page",
        },
        "examples": {
          "theme": {
            "layout": "full",
          },
          "title": "Examples",
          "type": "page",
        },
        "index": {
          "display": "hidden",
          "title": "Introduction",
          "type": "page",
        },
        "nextra_link": {
          "href": "https://github.com/shuding/nextra",
          "newWindow": true,
          "title": "Nextra ‚Üó",
          "type": "page",
        },
        "remote": {
          "href": "/remote/4423220",
          "title": "Remote",
          "type": "page",
        },
      },
    },
    {
      "children": [
        {
          "data": {
            "a-page": {
              "display": "hidden",
              "theme": {
                "layout": "raw",
              },
              "type": "page",
            },
            "acknowledgement": "üß© Acknowledgement",
            "team": "üë• Team",
          },
        },
        {
          "frontMatter": {
            "sidebar_label": "A Page",
          },
          "name": "a-page",
          "route": "/en/about/a-page",
        },
        {
          "frontMatter": {
            "sidebar_label": "Acknowledgement",
          },
          "name": "acknowledgement",
          "route": "/en/about/acknowledgement",
        },
        {
          "frontMatter": {
            "sidebar_label": "Changelog",
          },
          "name": "changelog",
          "route": "/en/about/changelog",
        },
        {
          "frontMatter": {
            "sidebar_label": "Team",
          },
          "name": "team",
          "route": "/en/about/team",
        },
      ],
      "name": "about",
      "route": "/en/about",
    },
    {
      "children": [
        {
          "data": {
            "swr-v1": {
              "theme": {
                "breadcrumb": true,
              },
              "title": "Announcing SWR 1.0",
            },
          },
        },
        {
          "frontMatter": {
            "description": "Almost 2 years ago we open sourced SWR, the tiny data-fetching React library that people love. Today we are reaching another milestone: the 1.0 version of SWR.",
            "image": "https://assets.vercel.com/image/upload/v1630059453/swr/v1.png",
            "sidebar_label": "SWR V1",
          },
          "name": "swr-v1",
          "route": "/en/blog/swr-v1",
        },
      ],
      "name": "blog",
      "route": "/en/blog",
    },
    {
      "frontMatter": {
        "searchable": false,
        "sidebar_label": "Blog",
      },
      "name": "blog",
      "route": "/en/blog",
    },
    {
      "children": [
        {
          "data": {
            "--- hey": {
              "title": <Separator>
                Getting Started
              </Separator>,
              "type": "separator",
            },
            "--- my_new_separator": {
              "title": <Separator>
                Advanced
              </Separator>,
              "type": "separator",
            },
            "404-500": "404/500 Custom Error Pages",
            "advanced": "",
            "arguments": "",
            "change-log": {
              "theme": {
                "sidebar": false,
              },
            },
            "conditional-fetching": "Conditional Data Fetching",
            "custom-header-ids": "Custom Header IDs",
            "data-fetching": "",
            "error-handling": {
              "display": "hidden",
            },
            "getting-started": {
              "title": <React.Fragment>
                <i>
                  Getting
                </i>
                ¬†
                <s>
                  Started
                </s>
              </React.Fragment>,
            },
            "github_link": {
              "href": "https://github.com/shuding/nextra",
              "newWindow": true,
              "title": "GitHub üêô ‚Üí",
            },
            "global-configuration": "",
            "middleware": "",
            "mutation": "",
            "options": "",
            "pagination": "",
            "prefetching": "",
            "raw-layout": {
              "theme": {
                "layout": "raw",
              },
            },
            "revalidation": "Auto Revalidation",
            "suspense": "",
            "typescript": "TypeScript :)",
            "with-nextjs": "Next.js SSG and SSR",
            "wrap-toc-items": "Wrap Table of Content Items",
          },
        },
        {
          "frontMatter": {
            "sidebar_label": "404 500",
          },
          "name": "404-500",
          "route": "/en/docs/404-500",
        },
        {
          "children": [
            {
              "data": {
                "*": {
                  "theme": {
                    "footer": false,
                  },
                },
                "--- yoo": {
                  "title": <Separator>
                    Do Not Use
                  </Separator>,
                  "type": "separator",
                },
                "file-name.with.DOTS": "Filenames with Dots",
                "more": "More: A Super Super Super Super Long Directory",
              },
            },
            {
              "frontMatter": {
                "sidebar_label": "Cache",
              },
              "name": "cache",
              "route": "/en/docs/advanced/cache",
            },
            {
              "frontMatter": {
                "sidebar_label": "Code Highlighting",
              },
              "name": "code-highlighting",
              "route": "/en/docs/advanced/code-highlighting",
            },
            {
              "frontMatter": {
                "sidebar_label": "Dynamic Markdown Import",
              },
              "name": "dynamic-markdown-import",
              "route": "/en/docs/advanced/dynamic-markdown-import",
            },
            {
              "frontMatter": {
                "sidebar_label": "File Name.with.dots",
              },
              "name": "file-name.with.DOTS",
              "route": "/en/docs/advanced/file-name.with.DOTS",
            },
            {
              "frontMatter": {
                "sidebar_label": "Images",
              },
              "name": "images",
              "route": "/en/docs/advanced/images",
            },
            {
              "frontMatter": {
                "sidebar_label": "Markdown Import",
              },
              "name": "markdown-import",
              "route": "/en/docs/advanced/markdown-import",
            },
            {
              "children": [
                {
                  "frontMatter": {
                    "sidebar_label": "Loooooooooooooooooooong Title",
                  },
                  "name": "loooooooooooooooooooong-title",
                  "route": "/en/docs/advanced/more/loooooooooooooooooooong-title",
                },
                {
                  "children": [
                    {
                      "frontMatter": {
                        "sidebar_label": "One",
                      },
                      "name": "one",
                      "route": "/en/docs/advanced/more/tree/one",
                    },
                    {
                      "frontMatter": {
                        "sidebar_label": "Three",
                      },
                      "name": "three",
                      "route": "/en/docs/advanced/more/tree/three",
                    },
                    {
                      "frontMatter": {
                        "sidebar_label": "Two",
                      },
                      "name": "two",
                      "route": "/en/docs/advanced/more/tree/two",
                    },
                  ],
                  "name": "tree",
                  "route": "/en/docs/advanced/more/tree",
                },
              ],
              "name": "more",
              "route": "/en/docs/advanced/more",
            },
            {
              "frontMatter": {
                "sidebar_label": "Performance",
              },
              "name": "performance",
              "route": "/en/docs/advanced/performance",
            },
            {
              "frontMatter": {
                "sidebar_label": "React Native",
              },
              "name": "react-native",
              "route": "/en/docs/advanced/react-native",
            },
            {
              "frontMatter": {
                "sidebar_label": "Scrollbar X",
              },
              "name": "scrollbar-x",
              "route": "/en/docs/advanced/scrollbar-x",
            },
          ],
          "name": "advanced",
          "route": "/en/docs/advanced",
        },
        {
          "frontMatter": {
            "sidebar_label": "Advanced",
          },
          "name": "advanced",
          "route": "/en/docs/advanced",
        },
        {
          "frontMatter": {
            "sidebar_label": "Arguments",
          },
          "name": "arguments",
          "route": "/en/docs/arguments",
        },
        {
          "frontMatter": {
            "sidebar_label": "Callout",
          },
          "name": "callout",
          "route": "/en/docs/callout",
        },
        {
          "frontMatter": {
            "sidebar_label": "Change Log",
          },
          "name": "change-log",
          "route": "/en/docs/change-log",
        },
        {
          "frontMatter": {
            "sidebar_label": "Code Block without Language",
          },
          "name": "code-block-without-language",
          "route": "/en/docs/code-block-without-language",
        },
        {
          "frontMatter": {
            "sidebar_label": "Conditional Fetching",
          },
          "name": "conditional-fetching",
          "route": "/en/docs/conditional-fetching",
        },
        {
          "frontMatter": {
            "sidebar_label": "Custom Header Ids",
          },
          "name": "custom-header-ids",
          "route": "/en/docs/custom-header-ids",
        },
        {
          "frontMatter": {
            "sidebar_label": "Data Fetching",
          },
          "name": "data-fetching",
          "route": "/en/docs/data-fetching",
        },
        {
          "frontMatter": {
            "sidebar_label": "Error Handling",
          },
          "name": "error-handling",
          "route": "/en/docs/error-handling",
        },
        {
          "frontMatter": {
            "sidebar_label": "Getting Started",
          },
          "name": "getting-started",
          "route": "/en/docs/getting-started",
        },
        {
          "frontMatter": {
            "sidebar_label": "Global Configuration",
          },
          "name": "global-configuration",
          "route": "/en/docs/global-configuration",
        },
        {
          "frontMatter": {
            "sidebar_label": "Middleware",
          },
          "name": "middleware",
          "route": "/en/docs/middleware",
        },
        {
          "frontMatter": {
            "sidebar_label": "Mutation",
          },
          "name": "mutation",
          "route": "/en/docs/mutation",
        },
        {
          "frontMatter": {
            "sidebar_label": "Options",
          },
          "name": "options",
          "route": "/en/docs/options",
        },
        {
          "frontMatter": {
            "sidebar_label": "Pagination",
          },
          "name": "pagination",
          "route": "/en/docs/pagination",
        },
        {
          "frontMatter": {
            "sidebar_label": "Prefetching",
          },
          "name": "prefetching",
          "route": "/en/docs/prefetching",
        },
        {
          "frontMatter": {
            "sidebar_label": "Raw Layout",
          },
          "name": "raw-layout",
          "route": "/en/docs/raw-layout",
        },
        {
          "frontMatter": {
            "sidebar_label": "Revalidation",
          },
          "name": "revalidation",
          "route": "/en/docs/revalidation",
        },
        {
          "frontMatter": {
            "sidebar_label": "Suspense",
          },
          "name": "suspense",
          "route": "/en/docs/suspense",
        },
        {
          "frontMatter": {
            "sidebar_label": "TypeScript",
          },
          "name": "typescript",
          "route": "/en/docs/typescript",
        },
        {
          "frontMatter": {
            "sidebar_label": "Understanding",
          },
          "name": "understanding",
          "route": "/en/docs/understanding",
        },
        {
          "frontMatter": {
            "sidebar_label": "With Nextjs",
          },
          "name": "with-nextjs",
          "route": "/en/docs/with-nextjs",
        },
        {
          "frontMatter": {
            "sidebar_label": "Wrap Toc Items",
          },
          "name": "wrap-toc-items",
          "route": "/en/docs/wrap-toc-items",
        },
      ],
      "name": "docs",
      "route": "/en/docs",
    },
    {
      "children": [
        {
          "data": {
            "auth": "Authentication",
            "basic": "Basic Usage",
            "error-handling": "",
            "full": {
              "theme": {
                "layout": "raw",
              },
            },
            "infinite-loading": "",
            "ssr": "Next.js SSR",
          },
        },
        {
          "frontMatter": {
            "full": true,
            "sidebar_label": "Auth",
            "title": "Authentication",
          },
          "name": "auth",
          "route": "/en/examples/auth",
        },
        {
          "frontMatter": {
            "full": true,
            "sidebar_label": "Basic",
            "title": "Basic Usage",
          },
          "name": "basic",
          "route": "/en/examples/basic",
        },
        {
          "frontMatter": {
            "full": true,
            "sidebar_label": "Error Handling",
            "title": "Error Handling",
          },
          "name": "error-handling",
          "route": "/en/examples/error-handling",
        },
        {
          "frontMatter": {
            "sidebar_label": "Full",
          },
          "name": "full",
          "route": "/en/examples/full",
        },
        {
          "frontMatter": {
            "full": true,
            "sidebar_label": "Infinite Loading",
            "title": "Infinite Loading",
          },
          "name": "infinite-loading",
          "route": "/en/examples/infinite-loading",
        },
        {
          "frontMatter": {
            "full": true,
            "sidebar_label": "SSR",
            "title": "Next.js SSR",
          },
          "name": "ssr",
          "route": "/en/examples/ssr",
        },
      ],
      "name": "examples",
      "route": "/en/examples",
    },
    {
      "frontMatter": {
        "sidebar_label": "Foo",
      },
      "name": "foo",
      "route": "/en/foo",
    },
    {
      "frontMatter": {
        "searchable": false,
        "sidebar_label": "Index",
        "title": "React Hooks for Data Fetching",
      },
      "name": "index",
      "route": "/en",
    },
    {
      "children": [
        {
          "children": [],
          "name": "graphql-eslint",
          "route": "/en/remote/graphql-eslint",
        },
        {
          "children": [],
          "name": "graphql-yoga",
          "route": "/en/remote/graphql-yoga",
        },
      ],
      "name": "remote",
      "route": "/en/remote",
    },
    {
      "frontMatter": {
        "sidebar_label": "Test",
      },
      "name": "test",
      "route": "/en/test",
    },
  ],
  "esPageMap": [
    {
      "data": {
        "about": {
          "items": {
            "a-page": {
              "title": "A Page",
            },
            "acknowledgement": {
              "title": "Acknowledgement",
            },
            "changelog": {
              "title": "Changelog",
            },
            "contributors": {
              "href": "https://github.com/vercel/swr/graphs/contributors",
              "newWindow": true,
              "title": "Contributors",
            },
            "team": {
              "title": "Team",
            },
          },
          "title": "About",
          "type": "menu",
        },
        "docs": {
          "title": "Docs",
          "type": "page",
        },
        "examples": {
          "title": "Ejemplos",
          "type": "page",
        },
        "index": {
          "display": "hidden",
          "title": "Introducci√≥n",
          "type": "page",
        },
      },
    },
    {
      "children": [
        {
          "data": {
            "advanced": "Avanzado",
            "arguments": "Argumentos",
            "change-log": "Registro de cambios",
            "conditional-fetching": "Obtenci√≥n De Datos Condicional",
            "data-fetching": "Obtenci√≥n De Datos",
            "error-handling": "Gesti√≥n De Errores",
            "getting-started": "Comienza",
            "global-configuration": "Configuraci√≥n Global",
            "middleware": "Middleware",
            "mutation": "Mutaci√≥n",
            "options": "Opciones",
            "pagination": "Paginaci√≥n",
            "prefetching": "Prefetching",
            "revalidation": "Revalidaci√≥n Autom√°tica",
            "suspense": "Suspense",
            "typescript": "Typescript",
            "with-nextjs": "Next.js SSG and SSR",
            "wrap-toc-items": "Ajustar elementos de la tabla de contenido",
          },
        },
        {
          "children": [
            {
              "data": {
                "cache": "Cache",
                "file-name.with.DOTS": "Nombres de archivos con puntos",
                "performance": "Rendimiento",
                "react-native": "React Native",
              },
            },
            {
              "frontMatter": {
                "sidebar_label": "File Name.with.dots",
              },
              "name": "file-name.with.DOTS",
              "route": "/es/docs/advanced/file-name.with.DOTS",
            },
            {
              "frontMatter": {
                "sidebar_label": "Performance",
              },
              "name": "performance",
              "route": "/es/docs/advanced/performance",
            },
          ],
          "name": "advanced",
          "route": "/es/docs/advanced",
        },
        {
          "frontMatter": {
            "sidebar_label": "Arguments",
          },
          "name": "arguments",
          "route": "/es/docs/arguments",
        },
        {
          "frontMatter": {
            "sidebar_label": "Change Log",
          },
          "name": "change-log",
          "route": "/es/docs/change-log",
        },
        {
          "frontMatter": {
            "sidebar_label": "Conditional Fetching",
          },
          "name": "conditional-fetching",
          "route": "/es/docs/conditional-fetching",
        },
        {
          "frontMatter": {
            "sidebar_label": "Data Fetching",
          },
          "name": "data-fetching",
          "route": "/es/docs/data-fetching",
        },
        {
          "frontMatter": {
            "sidebar_label": "Error Handling",
          },
          "name": "error-handling",
          "route": "/es/docs/error-handling",
        },
        {
          "frontMatter": {
            "sidebar_label": "Getting Started",
          },
          "name": "getting-started",
          "route": "/es/docs/getting-started",
        },
        {
          "frontMatter": {
            "sidebar_label": "Global Configuration",
          },
          "name": "global-configuration",
          "route": "/es/docs/global-configuration",
        },
        {
          "frontMatter": {
            "sidebar_label": "Mutation",
          },
          "name": "mutation",
          "route": "/es/docs/mutation",
        },
        {
          "frontMatter": {
            "sidebar_label": "Options",
          },
          "name": "options",
          "route": "/es/docs/options",
        },
        {
          "frontMatter": {
            "sidebar_label": "Pagination",
          },
          "name": "pagination",
          "route": "/es/docs/pagination",
        },
        {
          "frontMatter": {
            "sidebar_label": "Prefetching",
          },
          "name": "prefetching",
          "route": "/es/docs/prefetching",
        },
        {
          "frontMatter": {
            "sidebar_label": "Revalidation",
          },
          "name": "revalidation",
          "route": "/es/docs/revalidation",
        },
        {
          "frontMatter": {
            "sidebar_label": "Suspense",
          },
          "name": "suspense",
          "route": "/es/docs/suspense",
        },
        {
          "frontMatter": {
            "sidebar_label": "Understanding",
          },
          "name": "understanding",
          "route": "/es/docs/understanding",
        },
        {
          "frontMatter": {
            "sidebar_label": "With Nextjs",
          },
          "name": "with-nextjs",
          "route": "/es/docs/with-nextjs",
        },
        {
          "frontMatter": {
            "sidebar_label": "Wrap Toc Items",
          },
          "name": "wrap-toc-items",
          "route": "/es/docs/wrap-toc-items",
        },
      ],
      "name": "docs",
      "route": "/es/docs",
    },
    {
      "children": [
        {
          "data": {
            "auth": "Autenticaci√≥n",
            "basic": "Uso B√°sico",
            "error-handling": "Manejo De Errores",
            "infinite-loading": "Carga Infinita",
            "ssr": "Next.js SSR",
          },
        },
        {
          "frontMatter": {
            "full": true,
            "sidebar_label": "Auth",
            "title": "Autenticaci√≥n",
          },
          "name": "auth",
          "route": "/es/examples/auth",
        },
        {
          "frontMatter": {
            "full": true,
            "sidebar_label": "Basic",
            "title": "Uso B√°sico",
          },
          "name": "basic",
          "route": "/es/examples/basic",
        },
        {
          "frontMatter": {
            "full": true,
            "sidebar_label": "Error Handling",
            "title": "Manejo De Errores",
          },
          "name": "error-handling",
          "route": "/es/examples/error-handling",
        },
        {
          "frontMatter": {
            "full": true,
            "sidebar_label": "Infinite Loading",
            "title": "Carga Infinita",
          },
          "name": "infinite-loading",
          "route": "/es/examples/infinite-loading",
        },
      ],
      "name": "examples",
      "route": "/es/examples",
    },
    {
      "frontMatter": {
        "sidebar_label": "Index",
        "title": "Biblioteca React Hooks para la obtenci√≥n de datos",
      },
      "name": "index",
      "route": "/es",
    },
  ],
  "ruPageMap": [
    {
      "data": {
        "blog": {
          "theme": {
            "breadcrumb": false,
            "sidebar": false,
            "timestamp": true,
            "toc": true,
            "typesetting": "article",
          },
          "title": "–ë–ª–æ–≥",
          "type": "page",
        },
        "docs": {
          "title": "–î–æ–∫—É–º–µ–Ω—Ç–∞—Ü–∏—è",
          "type": "page",
        },
        "examples": {
          "title": "–ü—Ä–∏–º–µ—Ä—ã",
          "type": "page",
        },
        "index": {
          "display": "hidden",
          "title": "–í–≤–µ–¥–µ–Ω–∏–µ",
          "type": "page",
        },
      },
    },
    {
      "children": [
        {
          "data": {
            "swr-v1": {
              "theme": {
                "breadcrumb": true,
              },
              "title": "–ü—Ä–µ–¥—Å—Ç–∞–≤–ª—è–µ–º SWR 1.0",
            },
          },
        },
        {
          "frontMatter": {
            "description": "–ü–æ—á—Ç–∏ 2 –≥–æ–¥–∞ –Ω–∞–∑–∞–¥ –º—ã —Å–¥–µ–ª–∞–ª–∏ SWR ‚Äî –∫—Ä–æ—à–µ—á–Ω—É—é React –±–∏–±–ª–∏–æ—Ç–µ–∫—É —Å –æ—Ç–∫—Ä—ã—Ç—ã–º –∏—Å—Ö–æ–¥–Ω—ã–º –∫–æ–¥–æ–º –¥–ª—è –≤—ã–±–æ—Ä–∫–∏ –¥–∞–Ω–Ω—ã—Ö, –∫–æ—Ç–æ—Ä—É—é –ª—é–¥–∏ –ø–æ–ª—é–±–∏–ª–∏. –°–µ–≥–æ–¥–Ω—è –º—ã –ø—Ä–∏–±–ª–∏–∂–∞–µ–º—Å—è –∫ –µ—â–µ –æ–¥–Ω–æ–π –≤–µ—Ö–µ: –≤–µ—Ä—Å–∏–∏ 1.0 SWR!",
            "image": "https://assets.vercel.com/image/upload/v1630059453/swr/v1.png",
            "sidebar_label": "SWR V1",
          },
          "name": "swr-v1",
          "route": "/ru/blog/swr-v1",
        },
      ],
      "name": "blog",
      "route": "/ru/blog",
    },
    {
      "frontMatter": {
        "sidebar_label": "Blog",
      },
      "name": "blog",
      "route": "/ru/blog",
    },
    {
      "children": [
        {
          "data": {
            "advanced": "–ü—Ä–æ–¥–≤–∏–Ω—É—Ç—ã–µ",
            "arguments": "–ê—Ä–≥—É–º–µ–Ω—Ç—ã",
            "change-log": "–ñ—É—Ä–Ω–∞–ª –∏–∑–º–µ–Ω–µ–Ω–∏–π",
            "conditional-fetching": "–£—Å–ª–æ–≤–Ω–∞—è –≤—ã–±–æ—Ä–∫–∞ –¥–∞–Ω–Ω—ã—Ö",
            "data-fetching": "–í—ã–±–æ—Ä–∫–∞ –¥–∞–Ω–Ω—ã—Ö",
            "error-handling": "–û–±—Ä–∞–±–æ—Ç–∫–∞ –æ—à–∏–±–æ–∫",
            "getting-started": "–ù–∞—á–∞–ª–æ —Ä–∞–±–æ—Ç—ã",
            "global-configuration": "–ì–ª–æ–±–∞–ª—å–Ω–∞—è –∫–æ–Ω—Ñ–∏–≥—É—Ä–∞—Ü–∏—è",
            "middleware": "–ü—Ä–æ–º–µ–∂—É—Ç–æ—á–Ω–æ–µ –ü–û (Middleware)",
            "mutation": "–ú—É—Ç–∞—Ü–∏—è",
            "options": "–û–ø—Ü–∏–∏",
            "pagination": "–ü–∞–≥–∏–Ω–∞—Ü–∏—è",
            "prefetching": "–ü—Ä–µ–¥-–≤—ã–±–æ—Ä–∫–∞",
            "revalidation": "–ê–≤—Ç–æ-—Ä–µ–≤–∞–ª–∏–¥–∞—Ü–∏—è",
            "suspense": "–ó–∞–¥–µ—Ä–∂–∫–∞ (Suspense)",
            "typescript": "Typescript",
            "with-nextjs": "Next.js SSG –∏ SSR",
            "wrap-toc-items": "–û–±–µ—Ä–Ω—É—Ç—å —Ç–∞–±–ª–∏—Ü—É —Å–æ–¥–µ—Ä–∂–∏–º–æ–≥–æ —ç–ª–µ–º–µ–Ω—Ç–æ–≤",
          },
        },
        {
          "children": [
            {
              "data": {
                "cache": "–ö–µ—à",
                "file-name.with.DOTS": "–ò–º—è —Ñ–∞–π–ª–∞ –º–æ–∂–µ—Ç —Å–æ–¥–µ—Ä–∂–∞—Ç—å —Ç–æ—á–∫–∏",
                "performance": "–ü—Ä–æ–∏–∑–≤–æ–¥–∏—Ç–µ–ª—å–Ω–æ—Å—Ç—å",
                "react-native": "React Native",
              },
            },
            {
              "frontMatter": {
                "sidebar_label": "Cache",
              },
              "name": "cache",
              "route": "/ru/docs/advanced/cache",
            },
            {
              "frontMatter": {
                "sidebar_label": "File Name.with.dots",
              },
              "name": "file-name.with.DOTS",
              "route": "/ru/docs/advanced/file-name.with.DOTS",
            },
            {
              "frontMatter": {
                "sidebar_label": "Performance",
              },
              "name": "performance",
              "route": "/ru/docs/advanced/performance",
            },
            {
              "frontMatter": {
                "sidebar_label": "React Native",
              },
              "name": "react-native",
              "route": "/ru/docs/advanced/react-native",
            },
          ],
          "name": "advanced",
          "route": "/ru/docs/advanced",
        },
        {
          "frontMatter": {
            "sidebar_label": "Arguments",
          },
          "name": "arguments",
          "route": "/ru/docs/arguments",
        },
        {
          "frontMatter": {
            "sidebar_label": "Change Log",
          },
          "name": "change-log",
          "route": "/ru/docs/change-log",
        },
        {
          "frontMatter": {
            "sidebar_label": "Conditional Fetching",
          },
          "name": "conditional-fetching",
          "route": "/ru/docs/conditional-fetching",
        },
        {
          "frontMatter": {
            "sidebar_label": "Data Fetching",
          },
          "name": "data-fetching",
          "route": "/ru/docs/data-fetching",
        },
        {
          "frontMatter": {
            "sidebar_label": "Error Handling",
          },
          "name": "error-handling",
          "route": "/ru/docs/error-handling",
        },
        {
          "frontMatter": {
            "sidebar_label": "Getting Started",
          },
          "name": "getting-started",
          "route": "/ru/docs/getting-started",
        },
        {
          "frontMatter": {
            "sidebar_label": "Global Configuration",
          },
          "name": "global-configuration",
          "route": "/ru/docs/global-configuration",
        },
        {
          "frontMatter": {
            "sidebar_label": "Middleware",
          },
          "name": "middleware",
          "route": "/ru/docs/middleware",
        },
        {
          "frontMatter": {
            "sidebar_label": "Mutation",
          },
          "name": "mutation",
          "route": "/ru/docs/mutation",
        },
        {
          "frontMatter": {
            "sidebar_label": "Options",
          },
          "name": "options",
          "route": "/ru/docs/options",
        },
        {
          "frontMatter": {
            "sidebar_label": "Pagination",
          },
          "name": "pagination",
          "route": "/ru/docs/pagination",
        },
        {
          "frontMatter": {
            "sidebar_label": "Prefetching",
          },
          "name": "prefetching",
          "route": "/ru/docs/prefetching",
        },
        {
          "frontMatter": {
            "sidebar_label": "Revalidation",
          },
          "name": "revalidation",
          "route": "/ru/docs/revalidation",
        },
        {
          "frontMatter": {
            "sidebar_label": "Suspense",
          },
          "name": "suspense",
          "route": "/ru/docs/suspense",
        },
        {
          "frontMatter": {
            "sidebar_label": "Understanding",
          },
          "name": "understanding",
          "route": "/ru/docs/understanding",
        },
        {
          "frontMatter": {
            "sidebar_label": "With Nextjs",
          },
          "name": "with-nextjs",
          "route": "/ru/docs/with-nextjs",
        },
        {
          "frontMatter": {
            "sidebar_label": "Wrap Toc Items",
          },
          "name": "wrap-toc-items",
          "route": "/ru/docs/wrap-toc-items",
        },
      ],
      "name": "docs",
      "route": "/ru/docs",
    },
    {
      "children": [
        {
          "data": {
            "auth": "–ê—É—Ç–µ–Ω—Ç–∏—Ñ–∏–∫–∞—Ü–∏—è",
            "basic": "–û—Å–Ω–æ–≤–Ω–æ–µ –∏—Å–ø–æ–ª—å–∑–æ–≤–∞–Ω–∏–µ",
            "error-handling": "–û–±—Ä–∞–±–æ—Ç–∫–∞ –æ—à–∏–±–æ–∫",
            "infinite-loading": "–ë–µ—Å–∫–æ–Ω–µ—á–Ω–∞—è –∑–∞–≥—Ä—É–∑–∫–∞",
            "ssr": "Next.js SSR",
          },
        },
        {
          "frontMatter": {
            "full": true,
            "sidebar_label": "Auth",
            "title": "–ê—É—Ç–µ–Ω—Ç–∏—Ñ–∏–∫–∞—Ü–∏—è",
          },
          "name": "auth",
          "route": "/ru/examples/auth",
        },
        {
          "frontMatter": {
            "full": true,
            "sidebar_label": "Basic",
            "title": "–û—Å–Ω–æ–≤–Ω–æ–µ –∏—Å–ø–æ–ª—å–∑–æ–≤–∞–Ω–∏–µ",
          },
          "name": "basic",
          "route": "/ru/examples/basic",
        },
        {
          "frontMatter": {
            "full": true,
            "sidebar_label": "Error Handling",
            "title": "–û–±—Ä–∞–±–æ—Ç–∫–∞ –æ—à–∏–±–æ–∫",
          },
          "name": "error-handling",
          "route": "/ru/examples/error-handling",
        },
        {
          "frontMatter": {
            "full": true,
            "sidebar_label": "Infinite Loading",
            "title": "–ë–µ—Å–∫–æ–Ω–µ—á–Ω–∞—è –∑–∞–≥—Ä—É–∑–∫–∞",
          },
          "name": "infinite-loading",
          "route": "/ru/examples/infinite-loading",
        },
        {
          "frontMatter": {
            "full": true,
            "sidebar_label": "SSR",
            "title": "Next.js SSR",
          },
          "name": "ssr",
          "route": "/ru/examples/ssr",
        },
      ],
      "name": "examples",
      "route": "/ru/examples",
    },
    {
      "frontMatter": {
        "sidebar_label": "Index",
        "title": "React —Ö—É–∫–∏ –¥–ª—è –ø–æ–ª—É—á–µ–Ω–∏—è –¥–∞–Ω–Ω—ã—Ö",
      },
      "name": "index",
      "route": "/ru",
    },
  ],
}
`;
