// Vitest Snapshot v1, https://vitest.dev/guide/snapshot.html

exports[`Process heading > code-h1 1`] = `
"/*@jsxRuntime automatic*/
/*@jsxImportSource react*/
export const metadata = {
  title: 'codegen.yml'
}
export const toc = []
function _createMdxContent(props) {
  const _components = {
    code: 'code',
    h1: 'h1',
    ...props.components
  }
  return (
    <_components.h1>
      <_components.code>{'codegen.yml'}</_components.code>
    </_components.h1>
  )
}
export default _createMdxContent"
`;

exports[`Process heading > code-with-text-h1 1`] = `
"/*@jsxRuntime automatic*/
/*@jsxImportSource react*/
export const metadata = {
  title: 'codegen.yml file'
}
export const toc = []
function _createMdxContent(props) {
  const _components = {
    code: 'code',
    h1: 'h1',
    ...props.components
  }
  return (
    <_components.h1>
      <_components.code>{'codegen.yml'}</_components.code>
      {' file'}
    </_components.h1>
  )
}
export default _createMdxContent"
`;

exports[`Process heading > dynamic-h1 1`] = `
"/*@jsxRuntime automatic*/
/*@jsxImportSource react*/
export const metadata = {
  title: 'Posts Tagged with ""'
}
import { useRouter } from 'next/router'
export const TagName = () => {
  const { tag } = useRouter().query
  return tag || null
}
export const toc = []
function _createMdxContent(props) {
  const _components = {
    h1: 'h1',
    ...props.components
  }
  return (
    <_components.h1>
      {'Posts Tagged with "'}
      <TagName />
      {'"'}
    </_components.h1>
  )
}
export default _createMdxContent"
`;

exports[`Process heading > no-h1 1`] = `
"/*@jsxRuntime automatic*/
/*@jsxImportSource react*/
export const metadata = {}
export const toc = [
  {
    value: 'H2',
    id: 'h2',
    depth: 2
  }
]
function _createMdxContent(props) {
  const _components = {
    h2: 'h2',
    ...props.components
  }
  return <_components.h2 id={toc[0].id}>{toc[0].value}</_components.h2>
}
export default _createMdxContent"
`;

exports[`Process heading > static-h1 1`] = `
"/*@jsxRuntime automatic*/
/*@jsxImportSource react*/
export const metadata = {
  title: 'Hello World'
}
export const toc = []
function _createMdxContent(props) {
  const _components = {
    h1: 'h1',
    ...props.components
  }
  return <_components.h1>{'Hello World'}</_components.h1>
}
export default _createMdxContent"
`;
